// Jest Snapshot v1, https://goo.gl/fbAQLP

exports[`login app snapshot test snapshot 1`] = `
<div
  className="container"
>
  <div
    className="row"
  >
    <div
      className="col-md-3 col-sm-2"
    />
    <div
      className="col-md-6 col-sm-8"
      style={
        Object {
          "alignItems": "center",
          "justifyContent": "center",
          "marginTop": 50,
        }
      }
    >
      <div>
        <div
          style={
            Object {
              "backgroundColor": "blue",
              "border": 1,
              "color": "white",
            }
          }
        >
          <h3
            style={
              Object {
                "padding": 15,
                "textAlign": "center",
              }
            }
          >
            Card Licencing
          </h3>
        </div>
        <p
          style={
            Object {
              "color": "red",
              "paddingTop": 10,
            }
          }
        >
          
        </p>
        <div
          className="form-group"
        >
          <label
            className="form-label"
            htmlFor="formBasicEmail"
          >
            Email address
          </label>
          <input
            className="testEmail form-control"
            id="formBasicEmail"
            onChange={[Function]}
            placeholder="Enter email"
            type="email"
            value=""
          />
          <small
            className="text-muted form-text"
          >
            We'll never share your email with anyone else.
          </small>
        </div>
        <div
          className="form-group"
        >
          <label
            className="form-label"
            htmlFor="formBasicPassword"
          >
            Password
          </label>
          <input
            className="form-control"
            id="formBasicPassword"
            onChange={[Function]}
            placeholder="Password"
            type="password"
            value=""
          />
        </div>
        <button
          className="btn btn-primary btn-block"
          disabled={true}
          onClick={[Function]}
          type="submit"
        >
            Login
        </button>
      </div>
    </div>
    <div
      className="col-md-3 col-sm-2"
    />
  </div>
</div>
`;

exports[`login app snapshot test snapshot 2`] = `
<div
  className="container"
>
  <div
    className="row"
  >
    <div
      className="col-md-3 col-sm-2"
    />
    <div
      className="col-md-6 col-sm-8"
      style={
        Object {
          "alignItems": "center",
          "justifyContent": "center",
          "marginTop": 50,
        }
      }
    >
      <div>
        <div
          style={
            Object {
              "backgroundColor": "blue",
              "border": 1,
              "color": "white",
            }
          }
        >
          <h3
            style={
              Object {
                "padding": 15,
                "textAlign": "center",
              }
            }
          >
            Card Licencing
          </h3>
        </div>
        <p
          style={
            Object {
              "color": "red",
              "paddingTop": 10,
            }
          }
        >
          
        </p>
        <div
          className="form-group"
        >
          <label
            className="form-label"
            htmlFor="formBasicEmail"
          >
            Email address
          </label>
          <input
            className="testEmail form-control"
            id="formBasicEmail"
            onChange={[Function]}
            placeholder="Enter email"
            type="email"
            value=""
          />
          <small
            className="text-muted form-text"
          >
            We'll never share your email with anyone else.
          </small>
        </div>
        <div
          className="form-group"
        >
          <label
            className="form-label"
            htmlFor="formBasicPassword"
          >
            Password
          </label>
          <input
            className="form-control"
            id="formBasicPassword"
            onChange={[Function]}
            placeholder="Password"
            type="password"
            value=""
          />
        </div>
        <button
          className="btn btn-primary btn-block"
          disabled={true}
          onClick={[Function]}
          type="submit"
        >
            Login
        </button>
      </div>
    </div>
    <div
      className="col-md-3 col-sm-2"
    />
  </div>
</div>
`;
