// Jest Snapshot v1, https://goo.gl/fbAQLP

exports[`test request app snapshot test snapshot 1`] = `
<div
  style={
    Object {
      "backgroundImage": "logo.svg",
    }
  }
>
  <div
    className="container"
  >
    <div
      className="row"
    >
      <div
        className="col-md-3 col-sm-2"
      />
      <div
        className="col-md-6 col-sm-8"
        style={
          Object {
            "alignItems": "center",
            "justifyContent": "center",
            "marginTop": 10,
          }
        }
      >
        <div>
          <div
            style={
              Object {
                "backgroundColor": "blue",
                "border": 1,
                "color": "white",
              }
            }
          >
            <h3
              style={
                Object {
                  "padding": 15,
                  "textAlign": "center",
                }
              }
            >
              Card Licence Request
            </h3>
          </div>
          <p
            style={
              Object {
                "color": "red",
                "paddingTop": 10,
              }
            }
          >
            
          </p>
          <div
            className="form-group"
          >
            <label
              className="form-label"
            >
              Full Name
            </label>
            <input
              className="form-control"
              onChange={[Function]}
              placeholder="Full Name"
              type="text"
              value=""
            />
          </div>
          <div
            className="form-group"
          >
            <label
              className="form-label"
            >
              Username
            </label>
            <input
              className="form-control"
              onChange={[Function]}
              placeholder="Username"
              type="text"
              value=""
            />
          </div>
          <div
            className="form-group"
          >
            <label
              className="form-label"
            >
              Device
            </label>
            <input
              className="form-control"
              onChange={[Function]}
              placeholder="Device"
              type="text"
              value=""
            />
          </div>
          <div
            className="form-group"
          >
            <label
              className="form-label"
            >
              Phone Number
            </label>
            <input
              className="form-control"
              onChange={[Function]}
              placeholder="Phone Number"
              type="text"
              value=""
            />
          </div>
          <div
            className="form-group"
          >
            <label
              className="form-label"
              htmlFor="formBasicEmail"
            >
              Email address
            </label>
            <input
              className="form-control"
              id="formBasicEmail"
              onChange={[Function]}
              placeholder="Enter email"
              type="email"
              value=""
            />
            <small
              className="text-muted form-text"
            >
              We'll never share your email with anyone else.
            </small>
          </div>
          <div
            className="form-group"
          >
            <label
              className="form-label"
            >
              Address
            </label>
            <input
              className="form-control"
              onChange={[Function]}
              placeholder="Address"
              type="text"
              value=""
            />
          </div>
          <button
            className="btn btn-primary btn-block"
            disabled={true}
            onClick={[Function]}
            type="submit"
          >
             Make Request
          </button>
        </div>
      </div>
      <div
        className="col-md-3 col-sm-2"
      />
    </div>
  </div>
</div>
`;

exports[`test request app snapshot test snapshot 2`] = `
<div
  style={
    Object {
      "backgroundImage": "logo.svg",
    }
  }
>
  <div
    className="container"
  >
    <div
      className="row"
    >
      <div
        className="col-md-3 col-sm-2"
      />
      <div
        className="col-md-6 col-sm-8"
        style={
          Object {
            "alignItems": "center",
            "justifyContent": "center",
            "marginTop": 10,
          }
        }
      >
        <div>
          <div
            style={
              Object {
                "backgroundColor": "blue",
                "border": 1,
                "color": "white",
              }
            }
          >
            <h3
              style={
                Object {
                  "padding": 15,
                  "textAlign": "center",
                }
              }
            >
              Card Licence Request
            </h3>
          </div>
          <p
            style={
              Object {
                "color": "red",
                "paddingTop": 10,
              }
            }
          >
            
          </p>
          <div
            className="form-group"
          >
            <label
              className="form-label"
            >
              Full Name
            </label>
            <input
              className="form-control"
              onChange={[Function]}
              placeholder="Full Name"
              type="text"
              value=""
            />
          </div>
          <div
            className="form-group"
          >
            <label
              className="form-label"
            >
              Username
            </label>
            <input
              className="form-control"
              onChange={[Function]}
              placeholder="Username"
              type="text"
              value=""
            />
          </div>
          <div
            className="form-group"
          >
            <label
              className="form-label"
            >
              Device
            </label>
            <input
              className="form-control"
              onChange={[Function]}
              placeholder="Device"
              type="text"
              value=""
            />
          </div>
          <div
            className="form-group"
          >
            <label
              className="form-label"
            >
              Phone Number
            </label>
            <input
              className="form-control"
              onChange={[Function]}
              placeholder="Phone Number"
              type="text"
              value=""
            />
          </div>
          <div
            className="form-group"
          >
            <label
              className="form-label"
              htmlFor="formBasicEmail"
            >
              Email address
            </label>
            <input
              className="form-control"
              id="formBasicEmail"
              onChange={[Function]}
              placeholder="Enter email"
              type="email"
              value=""
            />
            <small
              className="text-muted form-text"
            >
              We'll never share your email with anyone else.
            </small>
          </div>
          <div
            className="form-group"
          >
            <label
              className="form-label"
            >
              Address
            </label>
            <input
              className="form-control"
              onChange={[Function]}
              placeholder="Address"
              type="text"
              value=""
            />
          </div>
          <button
            className="btn btn-primary btn-block"
            disabled={true}
            onClick={[Function]}
            type="submit"
          >
             Make Request
          </button>
        </div>
      </div>
      <div
        className="col-md-3 col-sm-2"
      />
    </div>
  </div>
</div>
`;
